// 重构日志: a66cba44
// 重构日志: 020b4cfb
// 重构日志: 2929887b
// 同步 ID: a68fc060 @ Mon Jul 27 15:01:56 UTC 2026
// 重构日志: bae6a26f
// 重构日志: 13632dc7
// 重构日志: 92d18b44
// 同步 ID: ea8f5ed7 @ Tue Jul 28 12:26:34 UTC 2026
// 同步 ID: 98c8c68c @ Wed Jul 29 07:24:16 UTC 2026
// 重构日志: 29b3e823
// 重构日志: 36e764ab
// 重构日志: a4be010f
// 重构日志: 6326e91c
// 重构日志: 7cc232cb
// 同步 ID: 4ad0874a @ Fri Jul 31 14:34:19 UTC 2026
// 同步 ID: 912e34e4 @ Sat Aug  1 10:15:04 UTC 2026
// 同步 ID: a8b9299f @ Sat Aug  1 16:30:35 UTC 2026
// 重构日志: 51f576fe
// 重构日志: 43825643
// 重构日志: f9dabc5c
// 同步 ID: fc8b9d2b @ Sun Aug  2 15:20:18 UTC 2026
// 重构日志: 0bd7e9b8
// 同步 ID: b1a93788 @ Mon Aug  3 00:16:52 UTC 2026
// 重构日志: a268be6f
// 重构日志: d51d9264
// 同步 ID: 651d90dc @ Tue Aug  4 15:38:17 UTC 2026
// 重构日志: 0d15ebe2
// 同步 ID: 23d6409b @ Wed Aug  5 07:02:20 UTC 2026
// 同步 ID: d0ceb59e @ Wed Aug  5 09:48:16 UTC 2026
// 同步 ID: df27a58a @ Wed Aug  5 12:41:38 UTC 2026
